
> amsirartrip-nextjs@1.0.0 build
> next build

▲ Next.js 16.1.1 (Turbopack)
- Environments: .env.local
- Experiments (use with caution):
  · optimizePackageImports
  · serverActions
  · staleTimes

  Creating an optimized production build ...
✓ Compiled successfully in 16.8s
  Running TypeScript ...
node.exe : Failed to compile.
At line:1 char:1
+ & "C:\Program Files\nodejs/node.exe" "C:\Program 
Files\nodejs/node_mo ...
+ ~~~~~~~~~~~~~~~~~~~~~~~~~~~~~~~~~~~~~~~~~~~~~~~~~~~~
~~~~~~~~~~~~~~~~~
    + CategoryInfo          : NotSpecified: (Failed t 
   o compile.:String) [], RemoteException
    + FullyQualifiedErrorId : NativeCommandError
 

./src/features/about/components/AboutView.tsx:222:19
Type error: Type '{ children: Element; transition: { 
duration: number; delay: number; }; initial: { 
opacity: number; y: number; }; whileInView: { 
opacity: number; y: number; }; viewport: { once: 
boolean; amount: number; }; key: string; }' is not 
assignable to type 'IntrinsicAttributes & 
Omit<HTMLMotionProps<"li">, "ref"> & 
RefAttributes<HTMLLIElement>'.
  Property 'transition' does not exist on type 
'IntrinsicAttributes & Omit<HTMLMotionProps<"li">, 
"ref"> & RefAttributes<HTMLLIElement>'.

[0m [90m 220 |[39m                   
key[33m=[39m{fact[33m.[39mid}
 [90m 221 |[39m                   
{[33m...[39mfadeInUp}
[31m[1m>[22m[39m[90m 222 |[39m                  
 transition[33m=[39m{{ duration[33m:[39m 
[35m0.5[39m[33m,[39m delay[33m:[39m idx 
[33m*[39m [35m0.1[39m }}
 [90m     |[39m                   
[31m[1m^[22m[39m
 [90m 223 |[39m                 [33m>[39m
 [90m 224 |[39m                   
[33m<[39m[33marticle[39m
 [90m 225 |[39m                     aria[33m-[39ml
abelledby[33m=[39m{[32m`fact-${fact.id}-label`[39m
}[0m
Next.js build worker exited with code: 1 and signal: 
null
