
> amsirartrip-nextjs@1.0.0 build
> next build

▲ Next.js 16.1.0 (Turbopack)
- Environments: .env.local
- Experiments (use with caution):
  · optimizePackageImports
  · serverActions
  · staleTimes

  Creating an optimized production build ...
✓ Compiled successfully in 15.4s
  Running TypeScript ...
  Collecting page data using 11 workers ...
  Generating static pages using 11 workers (0/87) ...
  Generating static pages using 11 workers (21/87) 
  Generating static pages using 11 workers (43/87) 
  Generating static pages using 11 workers (65/87) 
✓ Generating static pages using 11 workers (87/87) in 953.5ms
  Finalizing page optimization ...

Route (app)
┌ ○ /_not-found
├ ƒ /[locale]
├ ƒ /[locale]/about
├ ƒ /[locale]/contact
├ ƒ /[locale]/excursions
├ ƒ /[locale]/excursions/agafay-desert-sunset
├ ƒ /[locale]/excursions/essaouira-coastal-escape
├ ƒ /[locale]/excursions/imlil-toubkal-adventure
├ ƒ /[locale]/excursions/ourika-valley-discovery
├ ƒ /[locale]/excursions/ouzoud-waterfalls-day-trip
├ ƒ /[locale]/excursions/sunrise-hot-air-balloon
├ ƒ /[locale]/tours
├ ƒ /[locale]/tours/atlas-and-desert-escape-4-days
├ ƒ /[locale]/tours/caravan-and-kasbah-experience-3-days
├ ƒ /[locale]/tours/chegaga-wilderness-expedition-3-days
├ ƒ /[locale]/tours/coast-and-cities-explorer-6-days
├ ƒ /[locale]/tours/coastal-and-desert-odyssey-4-days
├ ƒ /[locale]/tours/grand-moroccan-circuit-10-days
├ ƒ /[locale]/tours/imperial-cities-and-coastline-5-days
├ ƒ /[locale]/tours/merzouga-desert-adventure-3-days
├ ƒ /[locale]/tours/northern-heritage-trail-7-days
├ ƒ /api/booking
├ ƒ /api/contact
├ ƒ /api/health
├ ƒ /api/newsletter
└ ○ /sitemap.xml


ƒ Proxy (Middleware)

○  (Static)   prerendered as static content
ƒ  (Dynamic)  server-rendered on demand

